// Jest Snapshot v1, https://goo.gl/fbAQLP

exports[`renders 1`] = `
<DocumentFragment>
  <div>
    <nav
      aria-label="main navigation"
      class="navbar is-dark"
      role="navigation"
    >
      <section
        class="container"
      >
        <div
          class="navbar-brand"
        >
          <a
            class="navbar-item nav-title"
            href="/"
            style="font-weight: bold;"
          >
            TestDriven.io
          </a>
          <span
            class="nav-toggle navbar-burger"
          >
            <span />
            <span />
            <span />
          </span>
        </div>
        <div
          class="navbar-menu"
        >
          <div
            class="navbar-start"
          >
            <a
              class="navbar-item"
              data-testid="nav-about"
              href="/about"
            >
              About
            </a>
          </div>
          <div
            class="navbar-end"
          >
            <a
              class="navbar-item"
              data-testid="nav-register"
              href="/register"
            >
              Register
            </a>
            <a
              class="navbar-item"
              data-testid="nav-login"
              href="/login"
            >
              Log In
            </a>
          </div>
        </div>
      </section>
    </nav>
    <section
      class="section"
    >
      <div
        class="container"
      >
        <div
          class="columns"
        >
          <div
            class="column is-half"
          >
            <br />
            <div>
              <h1
                class="title is-1"
              >
                Users
              </h1>
              <hr />
              <br />
              <br />
              <br />
              <div>
                <table
                  class="table is-hoverable is-fullwidth"
                >
                  <thead>
                    <tr>
                      <th>
                        ID
                      </th>
                      <th>
                        Email
                      </th>
                      <th>
                        Username
                      </th>
                    </tr>
                  </thead>
                  <tbody />
                </table>
              </div>
            </div>
          </div>
        </div>
      </div>
    </section>
  </div>
</DocumentFragment>
`;
